<p>OCaml is a great language, e.g.</p>
<pre><code><span class='ocaml-keyword'>let</span><span class='ocaml-source'> </span><span class='ocaml-entity-name-function-binding'>add</span><span class='ocaml-source'> </span><span class='ocaml-source'>a</span><span class='ocaml-source'> </span><span class='ocaml-source'>b</span><span class='ocaml-source'> </span><span class='ocaml-keyword-operator'>=</span><span class='ocaml-source'> </span><span class='ocaml-source'>a</span><span class='ocaml-source'> </span><span class='ocaml-keyword-operator'>+</span><span class='ocaml-source'> </span><span class='ocaml-source'>b</span><span class='ocaml-source'>
</span></code></pre>
<p>And some bash...</p>
<pre><code><span class='bash-keyword-operator-tilde'>~</span><span class='bash-source'>/$ ls </span><span class='bash-keyword-operator-tilde'>~</span><span class='bash-source'>/.opam
</span></code></pre>
<p>And some sh...</p>
<pre><code><span class='sh-keyword-operator-tilde'>~</span><span class='sh-source'>/$ ls </span><span class='sh-keyword-operator-tilde'>~</span><span class='sh-source'>/.opam
</span></code></pre>
